../Core/Src/main.c:160:6:ProcessByte	112	static
../Core/Src/main.c:223:6:ESP32_SendCommand	16	static
../Core/Src/main.c:230:6:ESP32_ReceiveData	16	static
../Core/Src/main.c:235:6:ParseUDPPacket	16	static
../Core/Src/main.c:249:10:PWM_frequency	24	static
../Core/Src/main.c:260:6:Set_PWM_Frequency	32	static
../Core/Src/main.c:286:6:PWM_UpdateFrequency	32	static
../Core/Src/main.c:310:5:main	440	static
../Core/Src/main.c:645:6:SystemClock_Config	120	static
../Core/Src/main.c:702:13:MX_FDCAN1_Init	8	static
../Core/Src/main.c:745:13:MX_I2C1_Init	8	static
../Core/Src/main.c:793:13:MX_ICACHE_Init	8	static
../Core/Src/main.c:825:13:MX_TIM1_Init	120	static
../Core/Src/main.c:911:13:MX_TIM2_Init	48	static
../Core/Src/main.c:960:13:MX_USART1_UART_Init	8	static
../Core/Src/main.c:1009:13:MX_USART2_UART_Init	8	static
../Core/Src/main.c:1057:13:MX_GPIO_Init	48	static
../Core/Src/main.c:1138:10:HAL_FDCAN_RxFifo0Callback	24	static
../Core/Src/main.c:1151:6:CheckCANErrors	16	static
../Core/Src/main.c:1204:6:ReceiveCANFrame	64	static
../Core/Src/main.c:1217:6:HAL_TIM_PeriodElapsedCallback	16	static
../Core/Src/main.c:1278:6:HAL_UART_RxCpltCallback	24	static
../Core/Src/main.c:1313:6:parseData	16	static
../Core/Src/main.c:1326:6:UART1_Print	16	static
../Core/Src/main.c:1338:6:Error_Handler	8	static,ignoring_inline_asm
