../Core/Src/stm32h5xx_hal_msp.c:65:6:HAL_MspInit	8	static
../Core/Src/stm32h5xx_hal_msp.c:90:6:HAL_FDCAN_MspInit	256	static
../Core/Src/stm32h5xx_hal_msp.c:143:6:HAL_FDCAN_MspDeInit	16	static
../Core/Src/stm32h5xx_hal_msp.c:175:6:HAL_I2C_MspInit	256	static
../Core/Src/stm32h5xx_hal_msp.c:222:6:HAL_I2C_MspDeInit	16	static
../Core/Src/stm32h5xx_hal_msp.c:253:6:HAL_TIM_Base_MspInit	24	static
../Core/Src/stm32h5xx_hal_msp.c:276:6:HAL_TIM_PWM_MspInit	24	static
../Core/Src/stm32h5xx_hal_msp.c:293:6:HAL_TIM_MspPostInit	48	static
../Core/Src/stm32h5xx_hal_msp.c:354:6:HAL_TIM_Base_MspDeInit	16	static
../Core/Src/stm32h5xx_hal_msp.c:376:6:HAL_TIM_PWM_MspDeInit	16	static
../Core/Src/stm32h5xx_hal_msp.c:398:6:HAL_UART_MspInit	264	static
../Core/Src/stm32h5xx_hal_msp.c:482:6:HAL_UART_MspDeInit	16	static
