../Core/Src/main.c:179:5:__io_putchar	16	static
../Core/Src/main.c:190:9:CalculateWiperValue	16	static
../Core/Src/main.c:198:6:SetResistance	32	static
../Core/Src/main.c:221:6:ESP32_SendCommand	16	static
../Core/Src/main.c:228:6:I2C_Scan	16	static
../Core/Src/main.c:240:6:InitAnalogIndicators	8	static
../Core/Src/main.c:259:10:calculate_fuel_consumption	32	static
../Core/Src/main.c:278:6:parse_frame	32	static
../Core/Src/main.c:382:9:calculate_checksum	24	static
../Core/Src/main.c:390:6:Send_KBUS_frame	40	static
../Core/Src/main.c:414:6:process_frame	8	static
../Core/Src/main.c:421:6:Set_PWM_Frequency	32	static
../Core/Src/main.c:449:5:main	8	static
../Core/Src/main.c:524:6:SystemClock_Config	120	static
../Core/Src/main.c:577:6:HAL_UART_RxCpltCallback	16	static
../Core/Src/main.c:612:6:HAL_TIM_PeriodElapsedCallback	40	static
../Core/Src/main.c:667:6:Error_Handler	8	static,ignoring_inline_asm
