../Core/Src/main.c:188:6:SetTCON	32	static
../Core/Src/main.c:205:10:MCP4662_ReadTCON	32	static
../Core/Src/main.c:225:5:__io_putchar	16	static
../Core/Src/main.c:235:10:ReadWiper	32	static
../Core/Src/main.c:253:6:wiper_command	32	static
../Core/Src/main.c:267:6:ESP32_SendCommand	16	static
../Core/Src/main.c:274:6:I2C_Scan	16	static
../Core/Src/main.c:286:6:InitAnalogIndicators	8	static
../Core/Src/main.c:343:10:calculate_fuel_consumption	32	static
../Core/Src/main.c:362:6:parse_frame	32	static
../Core/Src/main.c:475:9:calculate_checksum	24	static
../Core/Src/main.c:483:6:Send_KBUS_frame	40	static
../Core/Src/main.c:507:6:process_frame	8	static
../Core/Src/main.c:514:6:Set_PWM_Frequency	32	static
../Core/Src/main.c:542:5:main	32	static
../Core/Src/main.c:736:6:SystemClock_Config	120	static
../Core/Src/main.c:789:6:HAL_UART_RxCpltCallback	16	static
../Core/Src/main.c:824:6:HAL_TIM_PeriodElapsedCallback	40	static
../Core/Src/main.c:890:6:Error_Handler	8	static,ignoring_inline_asm
