../Core/Src/main.c:169:6:ESP32_SendCommand	16	static
../Core/Src/main.c:175:6:parse_frame	32	static
../Core/Src/main.c:269:9:calculate_checksum	24	static
../Core/Src/main.c:277:6:Send_KBUS_frame	40	static
../Core/Src/main.c:301:6:process_frame	8	static
../Core/Src/main.c:308:6:Set_PWM_Frequency	32	static
../Core/Src/main.c:336:5:main	8	static
../Core/Src/main.c:408:6:SystemClock_Config	120	static
../Core/Src/main.c:461:6:HAL_UART_RxCpltCallback	16	static
../Core/Src/main.c:496:6:HAL_TIM_PeriodElapsedCallback	32	static
../Core/Src/main.c:522:6:Error_Handler	4	static,ignoring_inline_asm
