../Core/Src/main.c:172:6:ESP32_SendCommand	16	static
../Core/Src/main.c:178:6:InitAnalogIndicators	8	static
../Core/Src/main.c:192:6:parse_frame	56	static
../Core/Src/main.c:305:9:calculate_checksum	24	static
../Core/Src/main.c:313:6:Send_KBUS_frame	40	static
../Core/Src/main.c:337:6:process_frame	8	static
../Core/Src/main.c:344:6:Set_PWM_Frequency	32	static
../Core/Src/main.c:372:5:main	8	static
../Core/Src/main.c:445:6:SystemClock_Config	120	static
../Core/Src/main.c:498:6:HAL_UART_RxCpltCallback	16	static
../Core/Src/main.c:533:6:HAL_TIM_PeriodElapsedCallback	40	static
../Core/Src/main.c:588:6:Error_Handler	4	static,ignoring_inline_asm
