../Core/Src/main.c:188:6:SetTCON	32	static
../Core/Src/main.c:205:10:MCP4662_ReadTCON	32	static
../Core/Src/main.c:225:5:__io_putchar	16	static
../Core/Src/main.c:235:10:ReadWiper	32	static
../Core/Src/main.c:253:6:wiper_command	32	static
../Core/Src/main.c:267:6:ESP32_SendCommand	16	static
../Core/Src/main.c:274:6:I2C_Scan	16	static
../Core/Src/main.c:286:6:InitAnalogIndicators	8	static
../Core/Src/main.c:337:10:calculate_fuel_consumption	32	static
../Core/Src/main.c:356:6:parse_frame	32	static
../Core/Src/main.c:470:9:calculate_checksum	24	static
../Core/Src/main.c:478:6:Send_KBUS_frame	40	static
../Core/Src/main.c:502:6:process_frame	8	static
../Core/Src/main.c:509:6:Set_PWM_Frequency	32	static
../Core/Src/main.c:537:5:main	32	static
../Core/Src/main.c:731:6:SystemClock_Config	120	static
../Core/Src/main.c:784:6:HAL_UART_RxCpltCallback	16	static
../Core/Src/main.c:819:6:HAL_TIM_PeriodElapsedCallback	40	static
../Core/Src/main.c:875:6:Error_Handler	8	static,ignoring_inline_asm
