../Core/Src/main.c:187:6:SetTCON	32	static
../Core/Src/main.c:206:10:MCP4662_ReadTCON	32	static
../Core/Src/main.c:226:6:MCP4662_WriteTCON	32	static
../Core/Src/main.c:234:5:__io_putchar	16	static
../Core/Src/main.c:244:10:ReadWiper	32	static
../Core/Src/main.c:262:6:wiper_command	32	static
../Core/Src/main.c:275:6:WriteWiper	32	static
../Core/Src/main.c:304:9:CalculateWiperValue	16	static
../Core/Src/main.c:312:6:SetResistance	32	static
../Core/Src/main.c:335:6:ESP32_SendCommand	16	static
../Core/Src/main.c:342:6:I2C_Scan	16	static
../Core/Src/main.c:354:6:InitAnalogIndicators	8	static
../Core/Src/main.c:373:10:calculate_fuel_consumption	32	static
../Core/Src/main.c:392:6:parse_frame	32	static
../Core/Src/main.c:495:9:calculate_checksum	24	static
../Core/Src/main.c:503:6:Send_KBUS_frame	40	static
../Core/Src/main.c:527:6:process_frame	8	static
../Core/Src/main.c:534:6:Set_PWM_Frequency	32	static
../Core/Src/main.c:562:5:main	32	static
../Core/Src/main.c:756:6:SystemClock_Config	120	static
../Core/Src/main.c:809:6:HAL_UART_RxCpltCallback	16	static
../Core/Src/main.c:844:6:HAL_TIM_PeriodElapsedCallback	40	static
../Core/Src/main.c:899:6:Error_Handler	8	static,ignoring_inline_asm
