../Core/Src/main.c:191:6:SetTCON	32	static
../Core/Src/main.c:208:10:MCP4662_ReadTCON	32	static
../Core/Src/main.c:227:6:Servo_SetAngle	24	static
../Core/Src/main.c:238:6:Servo_Init	24	static
../Core/Src/main.c:247:5:__io_putchar	16	static
../Core/Src/main.c:257:6:Set_PWM_Frequency	32	static
../Core/Src/main.c:280:6:ESP32_SendCommand	16	static
../Core/Src/main.c:287:6:I2C_Scan	16	static
../Core/Src/main.c:299:6:InitAnalogIndicators	8	static
../Core/Src/main.c:355:6:parse_frame	24	static
../Core/Src/main.c:376:6:Modify_Speed_RPM	16	static
../Core/Src/main.c:390:6:Modify_Values	40	static
../Core/Src/main.c:472:9:calculate_checksum	24	static
../Core/Src/main.c:480:6:Send_KBUS_frame	40	static
../Core/Src/main.c:504:6:process_frame	8	static
../Core/Src/main.c:518:5:main	8	static
../Core/Src/main.c:610:6:SystemClock_Config	120	static
../Core/Src/main.c:663:6:HAL_UART_RxCpltCallback	16	static
../Core/Src/main.c:698:6:HAL_TIM_PeriodElapsedCallback	40	static
../Core/Src/main.c:762:6:Error_Handler	8	static,ignoring_inline_asm
